21:17:58 **** Incremental Build of configuration Debug for project hdmi_video ****
make all 
make --no-print-directory pre-build
a9-linaro-pre-build-step
' '
make --no-print-directory main-build
'Building file: ../src/serial/serial.c'
'Invoking: ARM v7 gcc compiler'
arm-none-eabi-gcc -Wall -O0 -g3 -c -fmessage-length=0 -MT"src/serial/serial.o" -mcpu=cortex-a9 -mfpu=vfpv3 -mfloat-abi=hard -IC:/Git/hdmi_video_out/VitisWorkspace/hdmi_video_out/export/hdmi_video_out/sw/hdmi_video_out/standalone_ps7_cortexa9_0/bspinclude/include -MMD -MP -MF"src/serial/serial.d" -MT"src/serial/serial.o" -o "src/serial/serial.o" "../src/serial/serial.c"
In file included from C:/Git/hdmi_video_out/VitisWorkspace/hdmi_video_out/export/hdmi_video_out/sw/hdmi_video_out/standalone_ps7_cortexa9_0/bspinclude/include/xscugic.h:188,
                 from ../src/serial/serial.h:3,
                 from ../src/serial/serial.c:1:
../src/serial/serial.c: In function 'configureSerial':
C:/Git/hdmi_video_out/VitisWorkspace/hdmi_video_out/export/hdmi_video_out/sw/hdmi_video_out/standalone_ps7_cortexa9_0/bspinclude/include/xstatus.h:43:41: warning: 'return' with a value, in function returning void [-Wreturn-type]
   43 | #define XST_FAILURE                     1L
      |                                         ^~
../src/serial/serial.c:253:10: note: in expansion of macro 'XST_FAILURE'
  253 |   return XST_FAILURE;
      |          ^~~~~~~~~~~
../src/serial/serial.c:243:6: note: declared here
  243 | void configureSerial(INTC *IntcInstPtr){
      |      ^~~~~~~~~~~~~~~
In file included from C:/Git/hdmi_video_out/VitisWorkspace/hdmi_video_out/export/hdmi_video_out/sw/hdmi_video_out/standalone_ps7_cortexa9_0/bspinclude/include/xscugic.h:188,
                 from ../src/serial/serial.h:3,
                 from ../src/serial/serial.c:1:
C:/Git/hdmi_video_out/VitisWorkspace/hdmi_video_out/export/hdmi_video_out/sw/hdmi_video_out/standalone_ps7_cortexa9_0/bspinclude/include/xstatus.h:43:41: warning: 'return' with a value, in function returning void [-Wreturn-type]
   43 | #define XST_FAILURE                     1L
      |                                         ^~
../src/serial/serial.c:258:10: note: in expansion of macro 'XST_FAILURE'
  258 |   return XST_FAILURE;
      |          ^~~~~~~~~~~
../src/serial/serial.c:243:6: note: declared here
  243 | void configureSerial(INTC *IntcInstPtr){
      |      ^~~~~~~~~~~~~~~
In file included from C:/Git/hdmi_video_out/VitisWorkspace/hdmi_video_out/export/hdmi_video_out/sw/hdmi_video_out/standalone_ps7_cortexa9_0/bspinclude/include/xscugic.h:188,
                 from ../src/serial/serial.h:3,
                 from ../src/serial/serial.c:1:
C:/Git/hdmi_video_out/VitisWorkspace/hdmi_video_out/export/hdmi_video_out/sw/hdmi_video_out/standalone_ps7_cortexa9_0/bspinclude/include/xstatus.h:43:41: warning: 'return' with a value, in function returning void [-Wreturn-type]
   43 | #define XST_FAILURE                     1L
      |                                         ^~
../src/serial/serial.c:268:10: note: in expansion of macro 'XST_FAILURE'
  268 |   return XST_FAILURE;
      |          ^~~~~~~~~~~
../src/serial/serial.c:243:6: note: declared here
  243 | void configureSerial(INTC *IntcInstPtr){
      |      ^~~~~~~~~~~~~~~
'Finished building: ../src/serial/serial.c'
' '
'Building file: ../src/scheduler/timer.c'
'Invoking: ARM v7 gcc compiler'
arm-none-eabi-gcc -Wall -O0 -g3 -c -fmessage-length=0 -MT"src/scheduler/timer.o" -mcpu=cortex-a9 -mfpu=vfpv3 -mfloat-abi=hard -IC:/Git/hdmi_video_out/VitisWorkspace/hdmi_video_out/export/hdmi_video_out/sw/hdmi_video_out/standalone_ps7_cortexa9_0/bspinclude/include -MMD -MP -MF"src/scheduler/timer.d" -MT"src/scheduler/timer.o" -o "src/scheduler/timer.o" "../src/scheduler/timer.c"
'Finished building: ../src/scheduler/timer.c'
' '
'Building file: ../src/scheduler/tsk.c'
'Invoking: ARM v7 gcc compiler'
arm-none-eabi-gcc -Wall -O0 -g3 -c -fmessage-length=0 -MT"src/scheduler/tsk.o" -mcpu=cortex-a9 -mfpu=vfpv3 -mfloat-abi=hard -IC:/Git/hdmi_video_out/VitisWorkspace/hdmi_video_out/export/hdmi_video_out/sw/hdmi_video_out/standalone_ps7_cortexa9_0/bspinclude/include -MMD -MP -MF"src/scheduler/tsk.d" -MT"src/scheduler/tsk.o" -o "src/scheduler/tsk.o" "../src/scheduler/tsk.c"
'Finished building: ../src/scheduler/tsk.c'
' '
'Building file: ../src/scheduler/tsk_100ms.c'
'Invoking: ARM v7 gcc compiler'
arm-none-eabi-gcc -Wall -O0 -g3 -c -fmessage-length=0 -MT"src/scheduler/tsk_100ms.o" -mcpu=cortex-a9 -mfpu=vfpv3 -mfloat-abi=hard -IC:/Git/hdmi_video_out/VitisWorkspace/hdmi_video_out/export/hdmi_video_out/sw/hdmi_video_out/standalone_ps7_cortexa9_0/bspinclude/include -MMD -MP -MF"src/scheduler/tsk_100ms.d" -MT"src/scheduler/tsk_100ms.o" -o "src/scheduler/tsk_100ms.o" "../src/scheduler/tsk_100ms.c"
'Finished building: ../src/scheduler/tsk_100ms.c'
' '
'Building file: ../src/scheduler/tsk_10ms.c'
'Invoking: ARM v7 gcc compiler'
arm-none-eabi-gcc -Wall -O0 -g3 -c -fmessage-length=0 -MT"src/scheduler/tsk_10ms.o" -mcpu=cortex-a9 -mfpu=vfpv3 -mfloat-abi=hard -IC:/Git/hdmi_video_out/VitisWorkspace/hdmi_video_out/export/hdmi_video_out/sw/hdmi_video_out/standalone_ps7_cortexa9_0/bspinclude/include -MMD -MP -MF"src/scheduler/tsk_10ms.d" -MT"src/scheduler/tsk_10ms.o" -o "src/scheduler/tsk_10ms.o" "../src/scheduler/tsk_10ms.c"
'Finished building: ../src/scheduler/tsk_10ms.c'
' '
'Building file: ../src/scheduler/tsk_50ms.c'
'Invoking: ARM v7 gcc compiler'
arm-none-eabi-gcc -Wall -O0 -g3 -c -fmessage-length=0 -MT"src/scheduler/tsk_50ms.o" -mcpu=cortex-a9 -mfpu=vfpv3 -mfloat-abi=hard -IC:/Git/hdmi_video_out/VitisWorkspace/hdmi_video_out/export/hdmi_video_out/sw/hdmi_video_out/standalone_ps7_cortexa9_0/bspinclude/include -MMD -MP -MF"src/scheduler/tsk_50ms.d" -MT"src/scheduler/tsk_50ms.o" -o "src/scheduler/tsk_50ms.o" "../src/scheduler/tsk_50ms.c"
'Finished building: ../src/scheduler/tsk_50ms.c'
' '
'Building file: ../src/scheduler/tsk_cfg.c'
'Invoking: ARM v7 gcc compiler'
arm-none-eabi-gcc -Wall -O0 -g3 -c -fmessage-length=0 -MT"src/scheduler/tsk_cfg.o" -mcpu=cortex-a9 -mfpu=vfpv3 -mfloat-abi=hard -IC:/Git/hdmi_video_out/VitisWorkspace/hdmi_video_out/export/hdmi_video_out/sw/hdmi_video_out/standalone_ps7_cortexa9_0/bspinclude/include -MMD -MP -MF"src/scheduler/tsk_cfg.d" -MT"src/scheduler/tsk_cfg.o" -o "src/scheduler/tsk_cfg.o" "../src/scheduler/tsk_cfg.c"
'Finished building: ../src/scheduler/tsk_cfg.c'
' '
'Building file: ../src/examples/xiicps_polled_master_example.c'
'Invoking: ARM v7 gcc compiler'
arm-none-eabi-gcc -Wall -O0 -g3 -c -fmessage-length=0 -MT"src/examples/xiicps_polled_master_example.o" -mcpu=cortex-a9 -mfpu=vfpv3 -mfloat-abi=hard -IC:/Git/hdmi_video_out/VitisWorkspace/hdmi_video_out/export/hdmi_video_out/sw/hdmi_video_out/standalone_ps7_cortexa9_0/bspinclude/include -MMD -MP -MF"src/examples/xiicps_polled_master_example.d" -MT"src/examples/xiicps_polled_master_example.o" -o "src/examples/xiicps_polled_master_example.o" "../src/examples/xiicps_polled_master_example.c"
'Finished building: ../src/examples/xiicps_polled_master_example.c'
' '
'Building file: ../src/display/GFX.c'
'Invoking: ARM v7 gcc compiler'
arm-none-eabi-gcc -Wall -O0 -g3 -c -fmessage-length=0 -MT"src/display/GFX.o" -mcpu=cortex-a9 -mfpu=vfpv3 -mfloat-abi=hard -IC:/Git/hdmi_video_out/VitisWorkspace/hdmi_video_out/export/hdmi_video_out/sw/hdmi_video_out/standalone_ps7_cortexa9_0/bspinclude/include -MMD -MP -MF"src/display/GFX.d" -MT"src/display/GFX.o" -o "src/display/GFX.o" "../src/display/GFX.c"
'Finished building: ../src/display/GFX.c'
' '
'Building file: ../src/display/OLEDDisplayFonts.c'
'Invoking: ARM v7 gcc compiler'
arm-none-eabi-gcc -Wall -O0 -g3 -c -fmessage-length=0 -MT"src/display/OLEDDisplayFonts.o" -mcpu=cortex-a9 -mfpu=vfpv3 -mfloat-abi=hard -IC:/Git/hdmi_video_out/VitisWorkspace/hdmi_video_out/export/hdmi_video_out/sw/hdmi_video_out/standalone_ps7_cortexa9_0/bspinclude/include -MMD -MP -MF"src/display/OLEDDisplayFonts.d" -MT"src/display/OLEDDisplayFonts.o" -o "src/display/OLEDDisplayFonts.o" "../src/display/OLEDDisplayFonts.c"
'Finished building: ../src/display/OLEDDisplayFonts.c'
' '
'Building file: ../src/display/dvi_vdma.c'
'Invoking: ARM v7 gcc compiler'
arm-none-eabi-gcc -Wall -O0 -g3 -c -fmessage-length=0 -MT"src/display/dvi_vdma.o" -mcpu=cortex-a9 -mfpu=vfpv3 -mfloat-abi=hard -IC:/Git/hdmi_video_out/VitisWorkspace/hdmi_video_out/export/hdmi_video_out/sw/hdmi_video_out/standalone_ps7_cortexa9_0/bspinclude/include -MMD -MP -MF"src/display/dvi_vdma.d" -MT"src/display/dvi_vdma.o" -o "src/display/dvi_vdma.o" "../src/display/dvi_vdma.c"
'Finished building: ../src/display/dvi_vdma.c'
' '
'Building file: ../src/helloworld.c'
'Invoking: ARM v7 gcc compiler'
arm-none-eabi-gcc -Wall -O0 -g3 -c -fmessage-length=0 -MT"src/helloworld.o" -mcpu=cortex-a9 -mfpu=vfpv3 -mfloat-abi=hard -IC:/Git/hdmi_video_out/VitisWorkspace/hdmi_video_out/export/hdmi_video_out/sw/hdmi_video_out/standalone_ps7_cortexa9_0/bspinclude/include -MMD -MP -MF"src/helloworld.d" -MT"src/helloworld.o" -o "src/helloworld.o" "../src/helloworld.c"
'Finished building: ../src/helloworld.c'
' '
'Building file: ../src/platform.c'
'Invoking: ARM v7 gcc compiler'
arm-none-eabi-gcc -Wall -O0 -g3 -c -fmessage-length=0 -MT"src/platform.o" -mcpu=cortex-a9 -mfpu=vfpv3 -mfloat-abi=hard -IC:/Git/hdmi_video_out/VitisWorkspace/hdmi_video_out/export/hdmi_video_out/sw/hdmi_video_out/standalone_ps7_cortexa9_0/bspinclude/include -MMD -MP -MF"src/platform.d" -MT"src/platform.o" -o "src/platform.o" "../src/platform.c"
'Finished building: ../src/platform.c'
' '
'Building file: ../src/xgpio_intr_tapp_example.c'
'Invoking: ARM v7 gcc compiler'
arm-none-eabi-gcc -Wall -O0 -g3 -c -fmessage-length=0 -MT"src/xgpio_intr_tapp_example.o" -mcpu=cortex-a9 -mfpu=vfpv3 -mfloat-abi=hard -IC:/Git/hdmi_video_out/VitisWorkspace/hdmi_video_out/export/hdmi_video_out/sw/hdmi_video_out/standalone_ps7_cortexa9_0/bspinclude/include -MMD -MP -MF"src/xgpio_intr_tapp_example.d" -MT"src/xgpio_intr_tapp_example.o" -o "src/xgpio_intr_tapp_example.o" "../src/xgpio_intr_tapp_example.c"
'Finished building: ../src/xgpio_intr_tapp_example.c'
' '
'Building target: hdmi_video.elf'
'Invoking: ARM v7 gcc linker'
arm-none-eabi-gcc -mcpu=cortex-a9 -mfpu=vfpv3 -mfloat-abi=hard -Wl,-build-id=none -specs=Xilinx.spec -Wl,-T -Wl,../src/lscript.ld -LC:/Git/hdmi_video_out/VitisWorkspace/hdmi_video_out/export/hdmi_video_out/sw/hdmi_video_out/standalone_ps7_cortexa9_0/bsplib/lib -o "hdmi_video.elf"  ./src/serial/serial.o  ./src/scheduler/timer.o ./src/scheduler/tsk.o ./src/scheduler/tsk_100ms.o ./src/scheduler/tsk_10ms.o ./src/scheduler/tsk_50ms.o ./src/scheduler/tsk_cfg.o  ./src/examples/xiicps_polled_master_example.o  ./src/display/GFX.o ./src/display/OLEDDisplayFonts.o ./src/display/dvi_vdma.o  ./src/helloworld.o ./src/platform.o ./src/xgpio_intr_tapp_example.o   -Wl,--start-group,-lxil,-lgcc,-lc,--end-group
'Finished building target: hdmi_video.elf'
' '
'Invoking: ARM v7 Print Size'
arm-none-eabi-size hdmi_video.elf  |tee "hdmi_video.elf.size"
   text	   data	    bss	    dec	    hex	filename
 168819	   3508	4899168	5071495	 4d6287	hdmi_video.elf
'Finished building: hdmi_video.elf.size'
' '

21:18:18 Build Finished (took 20s.507ms)

